// Vitest Snapshot v1, https://vitest.dev/guide/snapshot.html

exports[`Phase 06 canonical projections > preserves the 3.2.3 command payload projection 1`] = `
[
  {
    "contexts": undefined,
    "default_member_permissions": undefined,
    "default_permission": undefined,
    "description": "Displays a user's avatar",
    "description_localizations": undefined,
    "dm_permission": undefined,
    "integration_types": undefined,
    "name": "avatar",
    "name_localizations": undefined,
    "nsfw": undefined,
    "options": [
      {
        "description": "The user whose avatar to display",
        "description_localizations": undefined,
        "name": "target",
        "name_localizations": undefined,
        "required": false,
        "type": 6,
      },
    ],
    "type": 1,
  },
  {
    "contexts": undefined,
    "default_member_permissions": undefined,
    "default_permission": undefined,
    "description": "Bans a member from the server",
    "description_localizations": undefined,
    "dm_permission": undefined,
    "integration_types": undefined,
    "name": "ban",
    "name_localizations": undefined,
    "nsfw": undefined,
    "options": [
      {
        "description": "The member to ban",
        "description_localizations": undefined,
        "name": "user",
        "name_localizations": undefined,
        "required": true,
        "type": 6,
      },
      {
        "autocomplete": undefined,
        "choices": undefined,
        "description": "Reason for the ban",
        "description_localizations": undefined,
        "max_length": undefined,
        "min_length": undefined,
        "name": "reason",
        "name_localizations": undefined,
        "required": false,
        "type": 3,
      },
    ],
    "type": 1,
  },
  {
    "contexts": undefined,
    "default_member_permissions": undefined,
    "default_permission": undefined,
    "description": "Displays information about the bot",
    "description_localizations": undefined,
    "dm_permission": undefined,
    "integration_types": undefined,
    "name": "botinfo",
    "name_localizations": undefined,
    "nsfw": undefined,
    "options": [],
    "type": 1,
  },
  {
    "contexts": undefined,
    "default_member_permissions": undefined,
    "default_permission": undefined,
    "description": "Deletes messages from the current channel (1-100)",
    "description_localizations": undefined,
    "dm_permission": undefined,
    "integration_types": undefined,
    "name": "clean",
    "name_localizations": undefined,
    "nsfw": undefined,
    "options": [
      {
        "autocomplete": undefined,
        "choices": undefined,
        "description": "Number of messages to delete (1-100)",
        "description_localizations": undefined,
        "max_value": 100,
        "min_value": 1,
        "name": "amount",
        "name_localizations": undefined,
        "required": true,
        "type": 4,
      },
    ],
    "type": 1,
  },
  {
    "contexts": undefined,
    "default_member_permissions": undefined,
    "default_permission": undefined,
    "description": "Lists all available commands",
    "description_localizations": undefined,
    "dm_permission": undefined,
    "integration_types": undefined,
    "name": "help",
    "name_localizations": undefined,
    "nsfw": undefined,
    "options": [
      {
        "autocomplete": undefined,
        "choices": undefined,
        "description": "Show help for a specific command",
        "description_localizations": undefined,
        "max_length": undefined,
        "min_length": undefined,
        "name": "command",
        "name_localizations": undefined,
        "required": false,
        "type": 3,
      },
    ],
    "type": 1,
  },
  {
    "contexts": undefined,
    "default_member_permissions": undefined,
    "default_permission": undefined,
    "description": "Kicks a member from the server",
    "description_localizations": undefined,
    "dm_permission": undefined,
    "integration_types": undefined,
    "name": "kick",
    "name_localizations": undefined,
    "nsfw": undefined,
    "options": [
      {
        "description": "The member to kick",
        "description_localizations": undefined,
        "name": "user",
        "name_localizations": undefined,
        "required": true,
        "type": 6,
      },
      {
        "autocomplete": undefined,
        "choices": undefined,
        "description": "Reason for the kick",
        "description_localizations": undefined,
        "max_length": undefined,
        "min_length": undefined,
        "name": "reason",
        "name_localizations": undefined,
        "required": false,
        "type": 3,
      },
    ],
    "type": 1,
  },
  {
    "contexts": undefined,
    "default_member_permissions": undefined,
    "default_permission": undefined,
    "description": "Replies with the bot latency",
    "description_localizations": undefined,
    "dm_permission": undefined,
    "integration_types": undefined,
    "name": "ping",
    "name_localizations": undefined,
    "nsfw": undefined,
    "options": [],
    "type": 1,
  },
  {
    "contexts": undefined,
    "default_member_permissions": undefined,
    "default_permission": undefined,
    "description": "Displays information about the current server",
    "description_localizations": undefined,
    "dm_permission": undefined,
    "integration_types": undefined,
    "name": "serverinfo",
    "name_localizations": undefined,
    "nsfw": undefined,
    "options": [],
    "type": 1,
  },
  {
    "contexts": undefined,
    "default_member_permissions": undefined,
    "default_permission": undefined,
    "description": "Timeouts a member in the server",
    "description_localizations": undefined,
    "dm_permission": undefined,
    "integration_types": undefined,
    "name": "timeout",
    "name_localizations": undefined,
    "nsfw": undefined,
    "options": [
      {
        "description": "The member to timeout",
        "description_localizations": undefined,
        "name": "user",
        "name_localizations": undefined,
        "required": true,
        "type": 6,
      },
      {
        "autocomplete": undefined,
        "choices": undefined,
        "description": "Duration (e.g. 10m, 2h, 7d, max 28d)",
        "description_localizations": undefined,
        "max_length": undefined,
        "min_length": undefined,
        "name": "duration",
        "name_localizations": undefined,
        "required": true,
        "type": 3,
      },
      {
        "autocomplete": undefined,
        "choices": undefined,
        "description": "Reason for the timeout",
        "description_localizations": undefined,
        "max_length": undefined,
        "min_length": undefined,
        "name": "reason",
        "name_localizations": undefined,
        "required": false,
        "type": 3,
      },
    ],
    "type": 1,
  },
  {
    "contexts": undefined,
    "default_member_permissions": undefined,
    "default_permission": undefined,
    "description": "Displays information about a user",
    "description_localizations": undefined,
    "dm_permission": undefined,
    "integration_types": undefined,
    "name": "userinfo",
    "name_localizations": undefined,
    "nsfw": undefined,
    "options": [
      {
        "description": "The user to get information about",
        "description_localizations": undefined,
        "name": "target",
        "name_localizations": undefined,
        "required": false,
        "type": 6,
      },
    ],
    "type": 1,
  },
  {
    "contexts": undefined,
    "default_member_permissions": undefined,
    "default_permission": undefined,
    "description": "Warns a member in the server",
    "description_localizations": undefined,
    "dm_permission": undefined,
    "integration_types": undefined,
    "name": "warn",
    "name_localizations": undefined,
    "nsfw": undefined,
    "options": [
      {
        "description": "The member to warn",
        "description_localizations": undefined,
        "name": "user",
        "name_localizations": undefined,
        "required": true,
        "type": 6,
      },
      {
        "autocomplete": undefined,
        "choices": undefined,
        "description": "Reason for the warning",
        "description_localizations": undefined,
        "max_length": undefined,
        "min_length": undefined,
        "name": "reason",
        "name_localizations": undefined,
        "required": true,
        "type": 3,
      },
    ],
    "type": 1,
  },
  {
    "contexts": undefined,
    "default_member_permissions": undefined,
    "default_permission": undefined,
    "description": "Clears all warnings for a member",
    "description_localizations": undefined,
    "dm_permission": undefined,
    "integration_types": undefined,
    "name": "warn-clear",
    "name_localizations": undefined,
    "nsfw": undefined,
    "options": [
      {
        "description": "The member to clear warnings for",
        "description_localizations": undefined,
        "name": "user",
        "name_localizations": undefined,
        "required": true,
        "type": 6,
      },
    ],
    "type": 1,
  },
  {
    "contexts": undefined,
    "default_member_permissions": undefined,
    "default_permission": undefined,
    "description": "Removes a warning by ID",
    "description_localizations": undefined,
    "dm_permission": undefined,
    "integration_types": undefined,
    "name": "warn-remove",
    "name_localizations": undefined,
    "nsfw": undefined,
    "options": [
      {
        "autocomplete": undefined,
        "choices": undefined,
        "description": "The warning ID to remove",
        "description_localizations": undefined,
        "max_length": undefined,
        "min_length": undefined,
        "name": "warning-id",
        "name_localizations": undefined,
        "required": true,
        "type": 3,
      },
    ],
    "type": 1,
  },
  {
    "contexts": undefined,
    "default_member_permissions": undefined,
    "default_permission": undefined,
    "description": "Lists a member's warning history",
    "description_localizations": undefined,
    "dm_permission": undefined,
    "integration_types": undefined,
    "name": "warnings",
    "name_localizations": undefined,
    "nsfw": undefined,
    "options": [
      {
        "description": "The member to check",
        "description_localizations": undefined,
        "name": "user",
        "name_localizations": undefined,
        "required": true,
        "type": 6,
      },
      {
        "autocomplete": undefined,
        "choices": undefined,
        "description": "Number of warnings to show (max 25)",
        "description_localizations": undefined,
        "max_value": 25,
        "min_value": 1,
        "name": "limit",
        "name_localizations": undefined,
        "required": false,
        "type": 4,
      },
    ],
    "type": 1,
  },
]
`;
